// Jest Snapshot v1, https://goo.gl/fbAQLP

exports[`Testing the <JournalEntry /> component should render correctly 1`] = `
<div
  className="journal__entry pointer animate__animated animate__fadeIn animate__faster"
  onClick={[Function]}
>
  <div
    className="journal__entry-picture"
    style={
      Object {
        "backgroundImage": "url(https://www.google.com)",
        "backgroundSize": "cover",
      }
    }
  />
  <div
    className="journal__entry-body"
  >
    <p
      className="journal__entry-title"
    >
      Title
    </p>
    <p
      className="journal__entry-content"
    >
      Body
    </p>
  </div>
  <div
    className="journal__entry-date-box"
  >
    <span>
      Wednesday
    </span>
    <h4>
      1st
    </h4>
  </div>
</div>
`;
